Para clonar

1. Criar repositório no Git Hab
2. Copiar código

Adicionar o controle de versão local (DESCKTOP)
3. Em uma pasta onde queira que fique armazenado o arquivo, clique com o direito e git bash here
4. Digita git clone - com o direita escolha PASTA. Ele vai colar o código
5. Após ter criado pasta ou adicionado conteúdo, 

ls dio-desafio-githab-primeiro-remositorio/


digitar git status para o git entender que algo foi alterado

6. Enviar para o controle de versão, git add .

7. git status


Adicionar o controle de versão web (WEB)
1. dar commit
git commit -m "Inclusão de informaçẽs sobre o curso de Git e Git/Hab"
2. Para ver
git status
3. Para enviar ara a nuvem do git tem que dar o push
git push origin main

***********************************
na prática


Artemisia Dutra@Artemisia MINGW64 ~/Documents/Dev/Git/DIO
$ git clone https://github.com/ArtemisiaDutra/dio-desafio-githab-primeiro-remositorio.git
Cloning into 'dio-desafio-githab-primeiro-remositorio'...
remote: Enumerating objects: 6, done.
remote: Counting objects: 100% (6/6), done.
remote: Compressing objects: 100% (4/4), done.
remote: Total 6 (delta 0), reused 0 (delta 0), pack-reused 0
Receiving objects: 100% (6/6), done.

Artemisia Dutra@Artemisia MINGW64 ~/Documents/Dev/Git/DIO
$ cd dio-desafio-githab-primeiro-remositorio/

Artemisia Dutra@Artemisia MINGW64 ~/Documents/Dev/Git/DIO/dio-desafio-githab-primeiro-remositorio (Artemisia-Dutra)
$ git status
On branch Artemisia-Dutra
Your branch is up to date with 'origin/Artemisia-Dutra'.

nothing to commit, working tree clean

Artemisia Dutra@Artemisia MINGW64 ~/Documents/Dev/Git/DIO/dio-desafio-githab-primeiro-remositorio (Artemisia-Dutra)
$ git status
On branch Artemisia-Dutra
Your branch is up to date with 'origin/Artemisia-Dutra'.

Untracked files:
  (use "git add <file>..." to include in what will be committed)
        "Introdu\303\247\303\243o ao Git e Githab/"

nothing added to commit but untracked files present (use "git add" to track)

Artemisia Dutra@Artemisia MINGW64 ~/Documents/Dev/Git/DIO/dio-desafio-githab-primeiro-remositorio (Artemisia-Dutra)
$ git add .

Artemisia Dutra@Artemisia MINGW64 ~/Documents/Dev/Git/DIO/dio-desafio-githab-primeiro-remositorio (Artemisia-Dutra)
$ git status
On branch Artemisia-Dutra
Your branch is up to date with 'origin/Artemisia-Dutra'.

Changes to be committed:
  (use "git restore --staged <file>..." to unstage)
        new file:   "Introdu\303\247\303\243o ao Git e Githab/Anota\303\247\303\265es.txt"


Artemisia Dutra@Artemisia MINGW64 ~/Documents/Dev/Git/DIO/dio-desafio-githab-primeiro-remositorio (Artemisia-Dutra)
$ git commit -m "Inclusão das anotações Git"
[Artemisia-Dutra 0e11f17] Inclusão das anotações Git
 1 file changed, 20 insertions(+)
 create mode 100644 "Introdu\303\247\303\243o ao Git e Githab/Anota\303\247\303\265es.txt"

Artemisia Dutra@Artemisia MINGW64 ~/Documents/Dev/Git/DIO/dio-desafio-githab-primeiro-remositorio (Artemisia-Dutra)
$ git status
On branch Artemisia-Dutra
Your branch is ahead of 'origin/Artemisia-Dutra' by 1 commit.
  (use "git push" to publish your local commits)

nothing to commit, working tree clean

Artemisia Dutra@Artemisia MINGW64 ~/Documents/Dev/Git/DIO/dio-desafio-githab-primeiro-remositorio (Artemisia-Dutra)
$ git push origin master
error: src refspec master does not match any
error: failed to push some refs to 'https://github.com/ArtemisiaDutra/dio-desafio-githab-primeiro-remositorio.git'

Artemisia Dutra@Artemisia MINGW64 ~/Documents/Dev/Git/DIO/dio-desafio-githab-primeiro-remositorio (Artemisia-Dutra)
$ git push origin Artemisia-Dutra
Enumerating objects: 5, done.
Counting objects: 100% (5/5), done.
Delta compression using up to 4 threads
Compressing objects: 100% (3/3), done.
Writing objects: 100% (4/4), 780 bytes | 260.00 KiB/s, done.
Total 4 (delta 0), reused 0 (delta 0), pack-reused 0
To https://github.com/ArtemisiaDutra/dio-desafio-githab-primeiro-remositorio.git
   a521872..0e11f17  Artemisia-Dutra -> Artemisia-Dutra

Artemisia Dutra@Artemisia MINGW64 ~/Documents/Dev/Git/DIO/dio-desafio-githab-primeiro-remositorio (Artemisia-Dutra)
$
